node.exe : FAIL 
tests/sandbox.test.ts
At C:\Program Files\nod
ejs\npx.ps1:29 char:3
+   & $NODE_EXE 
$NPX_CLI_JS $args
+   ~~~~~~~~~~~~~~~~~~~
~~~~~~~~~~
    + CategoryInfo     
         : NotSpecifi  
  ed: (FAIL tests/sa   
 ndbox.test.ts:Stri    
ng) [], RemoteExce    
ption
    + FullyQualifiedEr 
   rorId : NativeComm  
  andError
 
  Sandbox Integration 
Tests
    ΓêÜ should execute 
C code (Hello World) 
(29 ms)
    ΓêÜ should execute 
C++ code (Hello World) 
(5 ms)
    ΓêÜ should execute 
Java code (Hello 
World) (6 ms)
    ΓêÜ should execute 
Python code (Hello 
World) (6 ms)
    ΓêÜ should execute 
JavaScript code (Hello 
World) (4 ms)
    ├ù should handle 
infinite loops 
(Timeout) (5 ms)
    ΓêÜ should handle 
standard input (4 ms)

  ΓùÅ Sandbox 
Integration Tests ΓÇ║ 
should handle infinite 
loops (Timeout)

    expect(received).to
Be(expected) // 
Object.is equality

    Expected: 124
    Received: 0

    [0m [90m 123 
|[39m         [90m// 
Expect timeout 
behavior - usually 
exitCode 124 or error 
message[39m
     [90m 124 |[39m  
       [90m// 
DockerSandbox 
implementation returns 
exitCode 124 for 
timeout[39m
    [31m[1m>[22m[39
m[90m 125 |[39m      
   expect(result[33m.
[39mexitCode)[33m.[39
mtoBe([35m124[39m)[3
3m;[39m
     [90m     |[39m  
                       
        
[31m[1m^[22m[39m
     [90m 126 |[39m  
       expect(result[3
3m.[39merror)[33m.[3
9mtoContain([32m'Timed
 Out'[39m)[33m;[39m
     [90m 127 |[39m  
   })[33m;[39m
     [90m 128 
|[39m[0m

      at 
Object.<anonymous> (tes
ts/sandbox.test.ts:125:
33)

Test Suites: 1 failed, 
1 total
Tests:       1 failed, 
6 passed, 7 total
Snapshots:   0 total
Time:        1.85 s, 
estimated 3 s
Ran all test suites 
matching 
tests/sandbox.test.ts.
